Loaded trained model from nav_dqn_2obs.pt
Goal set: 1.2m at 0 degrees from start.
Starting in 9 seconds -- place robot at its start position now...
Step   0 | action: turn right | pos: ( 0.000,  0.000) | dist to goal:  1.20m | sensors F/L/R: 0.51/0.72/2.00m | L/R pulses:      0/     0
Step   1 | action: turn right | pos: ( 0.003, -0.000) | dist to goal:  1.20m | sensors F/L/R: 0.51/0.72/2.00m | L/R pulses:    247/  -199
Step   2 | action: turn right | pos: ( 0.009, -0.003) | dist to goal:  1.19m | sensors F/L/R: 0.51/0.72/2.00m | L/R pulses:    837/  -653
Step   3 | action: turn right | pos: ( 0.014, -0.008) | dist to goal:  1.19m | sensors F/L/R: 0.51/0.72/2.00m | L/R pulses:   1623/ -1303
Step   4 | action: turn left  | pos: ( 0.016, -0.014) | dist to goal:  1.18m | sensors F/L/R: 0.51/0.52/0.64m | L/R pulses:   2505/ -2073
Step   5 | action: turn left  | pos: ( 0.015, -0.016) | dist to goal:  1.18m | sensors F/L/R: 0.52/0.52/0.63m | L/R pulses:   2829/ -2348
Step   6 | action: turn left  | pos: ( 0.016, -0.012) | dist to goal:  1.18m | sensors F/L/R: 0.52/0.52/0.63m | L/R pulses:   2480/ -2079
Step   7 | action: turn left  | pos: ( 0.015, -0.003) | dist to goal:  1.19m | sensors F/L/R: 0.65/0.51/0.65m | L/R pulses:   1805/ -1582
Step   8 | action: forward    | pos: ( 0.007,  0.008) | dist to goal:  1.19m | sensors F/L/R: 0.66/0.51/0.65m | L/R pulses:    945/  -975
Step   9 | action: forward    | pos: ( 0.075, -0.021) | dist to goal:  1.12m | sensors F/L/R: 0.58/0.53/0.65m | L/R pulses:    849/   519
         WARNING: odometry shows forward progress the front sensor doesn't confirm -- likely wheel slip or the robot is mechanically stuck. Not trusting this position for goal-reached this step.
Step  10 | action: forward    | pos: ( 0.235, -0.026) | dist to goal:  0.97m | sensors F/L/R: 0.49/0.66/0.68m | L/R pulses:   2121/  2256
         WARNING: odometry shows forward progress the front sensor doesn't confirm -- likely wheel slip or the robot is mechanically stuck. Not trusting this position for goal-reached this step.
Step  11 | action: turn right | pos: ( 0.425, -0.011) | dist to goal:  0.78m | sensors F/L/R: 0.42/0.67/2.00m | L/R pulses:   3825/  4126
Step  12 | action: turn right | pos: ( 0.498, -0.011) | dist to goal:  0.70m | sensors F/L/R: 0.34/0.66/1.99m | L/R pulses:   4791/  4531
Step  13 | action: turn right | pos: ( 0.532, -0.022) | dist to goal:  0.67m | sensors F/L/R: 0.30/0.66/1.98m | L/R pulses:   5753/  4254
Step  14 | action: turn right | pos: ( 0.547, -0.037) | dist to goal:  0.65m | sensors F/L/R: 0.28/0.61/1.97m | L/R pulses:   6727/  3677
Step  15 | action: turn left  | pos: ( 0.549, -0.049) | dist to goal:  0.65m | sensors F/L/R: 0.28/0.24/0.64m | L/R pulses:   7709/  2928
Step  16 | action: turn left  | pos: ( 0.548, -0.055) | dist to goal:  0.65m | sensors F/L/R: 0.63/0.24/0.64m | L/R pulses:   8101/  2636
Step  17 | action: turn left  | pos: ( 0.548, -0.052) | dist to goal:  0.65m | sensors F/L/R: 0.64/0.24/0.64m | L/R pulses:   7791/  2897
Step  18 | action: turn left  | pos: ( 0.548, -0.043) | dist to goal:  0.65m | sensors F/L/R: 0.64/0.69/0.64m | L/R pulses:   7137/  3384
Step  19 | action: forward    | pos: ( 0.542, -0.032) | dist to goal:  0.66m | sensors F/L/R: 0.64/0.69/0.64m | L/R pulses:   6263/  4018
Step  20 | action: forward    | pos: ( 0.605, -0.066) | dist to goal:  0.60m | sensors F/L/R: 0.64/0.24/0.64m | L/R pulses:   6092/  5547
         WARNING: odometry shows forward progress the front sensor doesn't confirm -- likely wheel slip or the robot is mechanically stuck. Not trusting this position for goal-reached this step.
Step  21 | action: turn left  | pos: ( 0.769, -0.083) | dist to goal:  0.44m | sensors F/L/R: 0.20/0.74/0.65m | L/R pulses:   7377/  7360
Step  22 | action: turn left  | pos: ( 0.832, -0.075) | dist to goal:  0.38m | sensors F/L/R: 0.19/0.77/0.66m | L/R pulses:   7627/  8301
Step  23 | EVASIVE: turn right (obstacle at 0.13m) | pos: ( 0.851, -0.066) | sensors F/L/R: 0.13/0.85/1.77m | L/R pulses:   7194/  9136
Step  24 | EVASIVE: turn right (obstacle at 0.13m) | pos: ( 0.858, -0.060) | sensors F/L/R: 0.13/0.71/1.77m | L/R pulses:   7113/  9374
Step  25 | action: forward    | pos: ( 0.863, -0.056) | dist to goal:  0.34m | sensors F/L/R: 0.58/0.61/0.74m | L/R pulses:   7527/  9094
         WARNING: odometry shows forward progress the front sensor doesn't confirm -- likely wheel slip or the robot is mechanically stuck. Not trusting this position for goal-reached this step.
Step  26 | action: forward    | pos: ( 0.957, -0.017) | dist to goal:  0.24m | sensors F/L/R: 0.94/0.61/0.75m | L/R pulses:   8957/  9582
         WARNING: odometry shows forward progress the front sensor doesn't confirm -- likely wheel slip or the robot is mechanically stuck. Not trusting this position for goal-reached this step.
         (within goal threshold, but position still distrusted from a recent stall -- 3 more step(s) before goal-reached will be trusted again)
Step  27 | EVASIVE: turn right (obstacle at 0.07m) | pos: ( 1.123,  0.013) | sensors F/L/R: 0.07/1.36/1.69m | L/R pulses:  10659/ 11047
         WARNING: odometry shows forward progress the front sensor doesn't confirm -- likely wheel slip or the robot is mechanically stuck. Not trusting this position for goal-reached this step.
         (within goal threshold, but position still distrusted from a recent stall -- 3 more step(s) before goal-reached will be trusted again)
Step  28 | EVASIVE: turn right (obstacle at 0.05m) | pos: ( 1.186,  0.014) | sensors F/L/R: 0.05/1.36/1.69m | L/R pulses:  11577/ 11308
         WARNING: odometry shows forward progress the front sensor doesn't confirm -- likely wheel slip or the robot is mechanically stuck. Not trusting this position for goal-reached this step.
         (within goal threshold, but position still distrusted from a recent stall -- 3 more step(s) before goal-reached will be trusted again)
Step  29 | EVASIVE: turn right (obstacle at 0.08m) | pos: ( 1.214,  0.005) | sensors F/L/R: 0.08/1.34/1.64m | L/R pulses:  12491/ 10957
         (within goal threshold, but position still distrusted from a recent stall -- 2 more step(s) before goal-reached will be trusted again)
Step  30 | EVASIVE: turn right (obstacle at 0.08m) | pos: ( 1.224, -0.006) | sensors F/L/R: 0.08/1.33/1.64m | L/R pulses:  13409/ 10316
         (within goal threshold, but position still distrusted from a recent stall -- 1 more step(s) before goal-reached will be trusted again)
Step  31 | EVASIVE: turn left  (obstacle at 0.12m) | pos: ( 1.225, -0.012) | sensors F/L/R: 0.12/1.30/0.63m | L/R pulses:  14299/  9539

GOAL REACHED.
Motors stopped.
